Session Facts Fact ! STRING a Facts Fact ! STRING b Facts Question ? STRING a OK
