Session Facts Fact ! STRING a Facts Fact ! STRING b FAIL
